
> @ build C:\Users\Migue\OneDrive\Escritorio\POS Panader├¡a Software
> next build

Ôû▓ Next.js 16.1.6 (Turbopack, Cache Components)
- Environments: .env

  Creating an optimized production build ...
node.exe : 
En C:\Users\Migue\AppData\Roaming\npm\pnpm.ps1: 24 Carácter: 5
+     & "node$exe"  "$basedir/node_modules/pnpm/bin/pnpm.cjs" $args
+     ~~~~~~~~~~~~~~~~~~~~~~~~~~~~~~~~~~~~~~~~~~~~~~~~~~~~~~~~~~~~~
    + CategoryInfo          : NotSpecified: (:String) [], RemoteException
    + FullyQualifiedErrorId : NativeCommandError
 
> Build error occurred
Error: Turbopack build failed with 3 errors:
./app/dashboard/page.tsx:38:14
Ecmascript file had an error
[0m [90m 36 |[39m }
 [90m 37 |[39m
[31m[1m>[22m[39m[90m 38 |[39m [36mexport[39m [36mconst[39m dynamic 
[33m=[39m [32m'force-dynamic'[39m[33m;[39m
 [90m    |[39m              [31m[1m^[22m[39m[31m[1m^[22m[39m[31m[1m^[22m[
39m[31m[1m^[22m[39m[31m[1m^[22m[39m[31m[1m^[22m[39m[31m[1m^[22m[39m
 [90m 39 |[39m
 [90m 40 |[39m [36mexport[39m [36mdefault[39m [36masync[39m [36mfunction[39m 
[33mDashboardPage[39m() {
 [90m 41 |[39m   [36mreturn[39m ([0m

Route segment config "dynamic" is not compatible with `nextConfig.cacheComponents`. 
Please remove it.


./app/login/page.tsx:5:14
Ecmascript file had an error
[0m [90m 3 |[39m [36mimport[39m { redirect } [36mfrom[39m 
[32m"next/navigation"[39m[33m;[39m
 [90m 4 |[39m
[31m[1m>[22m[39m[90m 5 |[39m [36mexport[39m [36mconst[39m dynamic 
[33m=[39m [32m'force-dynamic'[39m[33m;[39m
 [90m   |[39m              [31m[1m^[22m[39m[31m[1m^[22m[39m[31m[1m^[22m[3
9m[31m[1m^[22m[39m[31m[1m^[22m[39m[31m[1m^[22m[39m[31m[1m^[22m[39m
 [90m 6 |[39m
 [90m 7 |[39m [36mexport[39m [36mdefault[39m [36masync[39m [36mfunction[39m 
[33mPage[39m() {
 [90m 8 |[39m     [36mconst[39m supabase [33m=[39m [36mawait[39m 
createClient()[33m;[39m[0m

Route segment config "dynamic" is not compatible with `nextConfig.cacheComponents`. 
Please remove it.


./app/page.tsx:6:14
Ecmascript file had an error
[0m [90m 4 |[39m [36mimport[39m { [33mSuspense[39m } [36mfrom[39m 
[32m"react"[39m[33m;[39m
 [90m 5 |[39m
[31m[1m>[22m[39m[90m 6 |[39m [36mexport[39m [36mconst[39m dynamic 
[33m=[39m [32m'force-dynamic'[39m[33m;[39m
 [90m   |[39m              [31m[1m^[22m[39m[31m[1m^[22m[39m[31m[1m^[22m[3
9m[31m[1m^[22m[39m[31m[1m^[22m[39m[31m[1m^[22m[39m[31m[1m^[22m[39m
 [90m 7 |[39m
 [90m 8 |[39m [36mexport[39m [36mdefault[39m [36mfunction[39m [33mHome[39m() 
{
 [90m 9 |[39m   [36mreturn[39m ([0m

Route segment config "dynamic" is not compatible with `nextConfig.cacheComponents`. 
Please remove it.


    at <unknown> (./app/dashboard/page.tsx:38:14)
    at <unknown> (./app/login/page.tsx:5:14)
    at <unknown> (./app/page.tsx:6:14)
ÔÇëELIFECYCLEÔÇë Command failed with exit code 1.
