
> @ typecheck C:\Users\Migue\OneDrive\Escritorio\POS Panader├¡a Software
> tsc --noEmit

server/actions/attendance.ts(44,15): error TS2769: No overload matches this call.
  Overload 1 of 2, '(relation: "tenants" | "usuarios" | "categorias_gastos" | "ingresos_inventario" | "productos" | "proveedores" | "recetas" | "categorias" | "ventas" | "arqueos_caja" | "asistencias" | ... 5 more ... | "venta_detalles"): PostgrestQueryBuilder<...>', gave the following error.
    Argument of type '"horarios_roles"' is not assignable to parameter of type '"tenants" | "usuarios" | "categorias_gastos" | "ingresos_inventario" | "productos" | "proveedores" | "recetas" | "categorias" | "ventas" | "arqueos_caja" | "asistencias" | ... 5 more ... | "venta_detalles"'.
  Overload 2 of 2, '(relation: never): PostgrestQueryBuilder<{ PostgrestVersion: "14.1"; }, { Tables: { arqueos_caja: { Row: { created_at: string | null; diferencia: number | null; estado: string; fecha_apertura: string | null; ... 9 more ...; usuario_id: string; }; Insert: { ...; }; Update: { ...; }; Relationships: [...]; }; ... 15 more ...; ventas: { ...; }; }; Views: {}; Functions: { ...; }; Enums: { ...; }; CompositeTypes: { ...; }; }, never, never, never>', gave the following error.
    Argument of type '"horarios_roles"' is not assignable to parameter of type 'never'.
server/actions/attendance.ts(52,28): error TS2339: Property 'hora_entrada' does not exist on type 'SelectQueryError<"column 'hora_entrada' does not exist on 'tenants'."> | SelectQueryError<"column 'hora_entrada' does not exist on 'usuarios'."> | ... 14 more ... | SelectQueryError<...>'.
  Property 'hora_entrada' does not exist on type 'SelectQueryError<"column 'hora_entrada' does not exist on 'tenants'.">'.
server/actions/attendance.ts(57,40): error TS2339: Property 'hora_entrada' does not exist on type 'SelectQueryError<"column 'hora_entrada' does not exist on 'tenants'."> | SelectQueryError<"column 'hora_entrada' does not exist on 'usuarios'."> | ... 14 more ... | SelectQueryError<...>'.
  Property 'hora_entrada' does not exist on type 'SelectQueryError<"column 'hora_entrada' does not exist on 'tenants'.">'.
server/actions/attendance.ts(91,15): error TS2769: No overload matches this call.
  Overload 1 of 2, '(relation: "tenants" | "usuarios" | "categorias_gastos" | "ingresos_inventario" | "productos" | "proveedores" | "recetas" | "categorias" | "ventas" | "arqueos_caja" | "asistencias" | ... 5 more ... | "venta_detalles"): PostgrestQueryBuilder<...>', gave the following error.
    Argument of type '"horarios_roles"' is not assignable to parameter of type '"tenants" | "usuarios" | "categorias_gastos" | "ingresos_inventario" | "productos" | "proveedores" | "recetas" | "categorias" | "ventas" | "arqueos_caja" | "asistencias" | ... 5 more ... | "venta_detalles"'.
  Overload 2 of 2, '(relation: never): PostgrestQueryBuilder<{ PostgrestVersion: "14.1"; }, { Tables: { arqueos_caja: { Row: { created_at: string | null; diferencia: number | null; estado: string; fecha_apertura: string | null; ... 9 more ...; usuario_id: string; }; Insert: { ...; }; Update: { ...; }; Relationships: [...]; }; ... 15 more ...; ventas: { ...; }; }; Views: {}; Functions: { ...; }; Enums: { ...; }; CompositeTypes: { ...; }; }, never, never, never>', gave the following error.
    Argument of type '"horarios_roles"' is not assignable to parameter of type 'never'.
server/actions/attendance.ts(108,25): error TS2339: Property 'estado' does not exist on type 'SelectQueryError<"column 'estado' does not exist on 'asistencias'.">'.
server/actions/attendance.ts(109,38): error TS2339: Property 'estado' does not exist on type 'SelectQueryError<"column 'estado' does not exist on 'asistencias'.">'.
server/actions/attendance.ts(113,28): error TS2339: Property 'hora_salida' does not exist on type 'SelectQueryError<"column 'hora_salida' does not exist on 'tenants'."> | SelectQueryError<"column 'hora_salida' does not exist on 'usuarios'."> | ... 14 more ... | SelectQueryError<...>'.
  Property 'hora_salida' does not exist on type 'SelectQueryError<"column 'hora_salida' does not exist on 'tenants'.">'.
server/actions/attendance.ts(118,41): error TS2339: Property 'hora_salida' does not exist on type 'SelectQueryError<"column 'hora_salida' does not exist on 'tenants'."> | SelectQueryError<"column 'hora_salida' does not exist on 'usuarios'."> | ... 14 more ... | SelectQueryError<...>'.
  Property 'hora_salida' does not exist on type 'SelectQueryError<"column 'hora_salida' does not exist on 'tenants'.">'.
server/actions/attendance.ts(122,46): error TS2339: Property 'hora_salida' does not exist on type 'SelectQueryError<"column 'hora_salida' does not exist on 'tenants'."> | SelectQueryError<"column 'hora_salida' does not exist on 'usuarios'."> | ... 14 more ... | SelectQueryError<...>'.
  Property 'hora_salida' does not exist on type 'SelectQueryError<"column 'hora_salida' does not exist on 'tenants'.">'.
server/actions/attendance.ts(123,52): error TS2339: Property 'hora_salida' does not exist on type 'SelectQueryError<"column 'hora_salida' does not exist on 'tenants'."> | SelectQueryError<"column 'hora_salida' does not exist on 'usuarios'."> | ... 14 more ... | SelectQueryError<...>'.
  Property 'hora_salida' does not exist on type 'SelectQueryError<"column 'hora_salida' does not exist on 'tenants'.">'.
server/actions/horarios.ts(20,15): error TS2769: No overload matches this call.
  Overload 1 of 2, '(relation: "tenants" | "usuarios" | "categorias_gastos" | "ingresos_inventario" | "productos" | "proveedores" | "recetas" | "categorias" | "ventas" | "arqueos_caja" | "asistencias" | ... 5 more ... | "venta_detalles"): PostgrestQueryBuilder<...>', gave the following error.
    Argument of type '"horarios_roles"' is not assignable to parameter of type '"tenants" | "usuarios" | "categorias_gastos" | "ingresos_inventario" | "productos" | "proveedores" | "recetas" | "categorias" | "ventas" | "arqueos_caja" | "asistencias" | ... 5 more ... | "venta_detalles"'.
  Overload 2 of 2, '(relation: never): PostgrestQueryBuilder<{ PostgrestVersion: "14.1"; }, { Tables: { arqueos_caja: { Row: { created_at: string | null; diferencia: number | null; estado: string; fecha_apertura: string | null; ... 9 more ...; usuario_id: string; }; Insert: { ...; }; Update: { ...; }; Relationships: [...]; }; ... 15 more ...; ventas: { ...; }; }; Views: {}; Functions: { ...; }; Enums: { ...; }; CompositeTypes: { ...; }; }, never, never, never>', gave the following error.
    Argument of type '"horarios_roles"' is not assignable to parameter of type 'never'.
server/actions/horarios.ts(29,35): error TS2352: Conversion of type '({ activo: boolean | null; created_at: string; email: string; id: string; nombre_completo: string | null; rol: string; tenant_id: string | null; updated_at: string; } | { activo: boolean | null; ... 23 more ...; updated_at: string; } | ... 14 more ... | { ...; })[]' to type 'HorarioRole[]' may be a mistake because neither type sufficiently overlaps with the other. If this was intentional, convert the expression to 'unknown' first.
  Type '{ activo: boolean | null; created_at: string; email: string; id: string; nombre_completo: string | null; rol: string; tenant_id: string | null; updated_at: string; } | { activo: boolean | null; ... 23 more ...; updated_at: string; } | ... 14 more ... | { ...; }' is not comparable to type 'HorarioRole'.
    Type '{ created_at: string; direccion: string | null; email: string | null; id: string; logo_url: string | null; name: string; rut: string | null; telefono: string | null; updated_at: string; }' is missing the following properties from type 'HorarioRole': rol, hora_entrada, hora_salida, tenant_id
server/actions/horarios.ts(43,15): error TS2769: No overload matches this call.
  Overload 1 of 2, '(relation: "tenants" | "usuarios" | "categorias_gastos" | "ingresos_inventario" | "productos" | "proveedores" | "recetas" | "categorias" | "ventas" | "arqueos_caja" | "asistencias" | ... 5 more ... | "venta_detalles"): PostgrestQueryBuilder<...>', gave the following error.
    Argument of type '"horarios_roles"' is not assignable to parameter of type '"tenants" | "usuarios" | "categorias_gastos" | "ingresos_inventario" | "productos" | "proveedores" | "recetas" | "categorias" | "ventas" | "arqueos_caja" | "asistencias" | ... 5 more ... | "venta_detalles"'.
  Overload 2 of 2, '(relation: never): PostgrestQueryBuilder<{ PostgrestVersion: "14.1"; }, { Tables: { arqueos_caja: { Row: { created_at: string | null; diferencia: number | null; estado: string; fecha_apertura: string | null; ... 9 more ...; usuario_id: string; }; Insert: { ...; }; Update: { ...; }; Relationships: [...]; }; ... 15 more ...; ventas: { ...; }; }; Views: {}; Functions: { ...; }; Enums: { ...; }; CompositeTypes: { ...; }; }, never, never, never>', gave the following error.
    Argument of type '"horarios_roles"' is not assignable to parameter of type 'never'.
server/actions/horarios.ts(54,19): error TS2769: No overload matches this call.
  Overload 1 of 2, '(relation: "tenants" | "usuarios" | "categorias_gastos" | "ingresos_inventario" | "productos" | "proveedores" | "recetas" | "categorias" | "ventas" | "arqueos_caja" | "asistencias" | ... 5 more ... | "venta_detalles"): PostgrestQueryBuilder<...>', gave the following error.
    Argument of type '"horarios_roles"' is not assignable to parameter of type '"tenants" | "usuarios" | "categorias_gastos" | "ingresos_inventario" | "productos" | "proveedores" | "recetas" | "categorias" | "ventas" | "arqueos_caja" | "asistencias" | ... 5 more ... | "venta_detalles"'.
  Overload 2 of 2, '(relation: never): PostgrestQueryBuilder<{ PostgrestVersion: "14.1"; }, { Tables: { arqueos_caja: { Row: { created_at: string | null; diferencia: number | null; estado: string; fecha_apertura: string | null; ... 9 more ...; usuario_id: string; }; Insert: { ...; }; Update: { ...; }; Relationships: [...]; }; ... 15 more ...; ventas: { ...; }; }; Views: {}; Functions: { ...; }; Enums: { ...; }; CompositeTypes: { ...; }; }, never, never, never>', gave the following error.
    Argument of type '"horarios_roles"' is not assignable to parameter of type 'never'.
server/actions/horarios.ts(65,19): error TS2769: No overload matches this call.
  Overload 1 of 2, '(relation: "tenants" | "usuarios" | "categorias_gastos" | "ingresos_inventario" | "productos" | "proveedores" | "recetas" | "categorias" | "ventas" | "arqueos_caja" | "asistencias" | ... 5 more ... | "venta_detalles"): PostgrestQueryBuilder<...>', gave the following error.
    Argument of type '"horarios_roles"' is not assignable to parameter of type '"tenants" | "usuarios" | "categorias_gastos" | "ingresos_inventario" | "productos" | "proveedores" | "recetas" | "categorias" | "ventas" | "arqueos_caja" | "asistencias" | ... 5 more ... | "venta_detalles"'.
  Overload 2 of 2, '(relation: never): PostgrestQueryBuilder<{ PostgrestVersion: "14.1"; }, { Tables: { arqueos_caja: { Row: { created_at: string | null; diferencia: number | null; estado: string; fecha_apertura: string | null; ... 9 more ...; usuario_id: string; }; Insert: { ...; }; Update: { ...; }; Relationships: [...]; }; ... 15 more ...; ventas: { ...; }; }; Views: {}; Functions: { ...; }; Enums: { ...; }; CompositeTypes: { ...; }; }, never, never, never>', gave the following error.
    Argument of type '"horarios_roles"' is not assignable to parameter of type 'never'.
ÔÇëELIFECYCLEÔÇë Command failed with exit code 1.
